// Jest Snapshot v1, https://goo.gl/fbAQLP

exports[`Navigation component should render correctly and match snapshot 1`] = `
<div
  className="navigation-bar flex align-center"
>
  <NavItem>
    top
  </NavItem>
</div>
`;
