// Jest Snapshot v1, https://goo.gl/fbAQLP

exports[`Image Component should render correctly 1`] = `
<img
  alt="test"
  className="test"
  sizes={null}
  src="/"
  srcSet={null}
/>
`;
