// Jest Snapshot v1, https://goo.gl/fbAQLP

exports[`NavItem component should render correctly and match snapshot 1`] = `
<div>
  new
</div>
`;
